
> smart-money-manager@0.1.0 build
> react-scripts build

node.exe : (node:20652) 
[DEP0176] DeprecationWarning: 
fs.F_OK is deprecated, use 
fs.constants.F_OK instead
At line:1 char:1
+ & "C:\Program 
Files\nodejs/node.exe" 
"C:\Program 
Files\nodejs/node_mo ...
+ ~~~~~~~~~~~~~~~~~~~~~~~~~~~~~~
~~~~~~~~~~~~~~~~~~~~~~~~~~~~~~~~
~~~~~~~
    + CategoryInfo          : N 
   otSpecified: ((node:20652)   
  [D...ts.F_OK instead:String   
 ) [], RemoteException
    + FullyQualifiedErrorId : N 
   ativeCommandError
 
(Use `node --trace-deprecation 
...` to show where the warning 
was created)
Creating an optimized production build...
Compiled successfully.

File sizes after gzip:

  228.56 kB  build\static\js\main.4bbe4005.js
  46.36 kB   build\static\js\743.a8beef17.chunk.js
  42.91 kB   build\static\js\917.6ef824cc.chunk.js
  8.7 kB     build\static\js\171.e9e85cb3.chunk.js
  5.34 kB    build\static\css\main.1d7ca0d3.css
  1.77 kB    build\static\js\317.c18e3ad7.chunk.js

The project was built assuming it is hosted at /.
You can control this with the homepage field in your package.json.

The build folder is ready to be deployed.
You may serve it with a static server:

  npm install -g serve
  serve -s build

Find out more about deployment here:

  https://cra.link/deployment

